2026-09-27T13:23:27  ===== round 7 start (Tiny=True Emulate=False) =====
2026-09-27T13:23:27  train cpu0 : start (16384 iterations, seed 0 )
2026-09-27T13:23:37  train cpu0 : done in 0.2 min
2026-09-27T13:23:37  train cpu1 : start (16384 iterations, seed 1 )
2026-09-27T13:23:47  train cpu1 : done in 0.2 min
2026-09-27T13:23:47  train gpu16k : start (32768 iterations, seed 0 --gpu 0 --batch 16384)
2026-09-27T13:23:57  train gpu16k : done in 0.2 min
2026-09-27T13:23:57  train gpu4k_79M : start (16384 iterations, seed 0 --gpu 0 --batch 4096)
2026-09-27T13:24:04  train gpu4k_79M : done in 0.1 min
2026-09-27T13:24:04  train gpu16k_79M : start (16384 iterations, seed 0 --gpu 0 --batch 16384)
2026-09-27T13:24:12  train gpu16k_79M : done in 0.1 min
2026-09-27T13:24:12  train gpu16k_79M_s1 : start (16384 iterations, seed 1 --gpu 0 --batch 16384)
2026-09-27T13:24:20  train gpu16k_79M_s1 : done in 0.1 min
2026-09-27T13:24:20  train gpu4k_767M : start (32768 iterations, seed 0 --gpu 0 --batch 4096)
2026-09-27T13:24:31  train gpu4k_767M : done in 0.2 min
2026-09-27T13:24:31  train cpu_767M : start (32768 iterations, seed 0 )
2026-09-27T13:24:47  train cpu_767M : done in 0.3 min
2026-09-27T13:24:47  duel gpu4k_79M_vs_cpu0 : start (gpu4k_79M vs cpu0, 300 deals)
2026-09-27T13:24:47  duel gpu16k_79M_vs_cpu0 : start (gpu16k_79M vs cpu0, 300 deals)
2026-09-27T13:24:51  duel gpu4k_79M_vs_cpu0 : finished
2026-09-27T13:24:51  duel gpu16k_79M_vs_cpu0 : finished
2026-09-27T13:24:51  duel gpu16k_79M_s1_vs_cpu1 : start (gpu16k_79M_s1 vs cpu1, 300 deals)
2026-09-27T13:24:51  duel gpu16k_767M_vs_cpu_767M : start (gpu16k_767M vs cpu_767M, 300 deals)
2026-09-27T13:24:55  duel gpu16k_79M_s1_vs_cpu1 : finished
2026-09-27T13:24:55  duel gpu16k_767M_vs_cpu_767M : finished
2026-09-27T13:24:55  duel gpu4k_767M_vs_cpu_767M : start (gpu4k_767M vs cpu_767M, 300 deals)
2026-09-27T13:24:55  duel cpu_767M_vs_cpu0 : start (cpu_767M vs cpu0, 300 deals)
2026-09-27T13:24:59  duel gpu4k_767M_vs_cpu_767M : finished
2026-09-27T13:24:59  duel cpu_767M_vs_cpu0 : finished
2026-09-27T13:24:59  ===== round 7 done, summary in r7tiny_summary.txt =====
2026-09-27T13:25:13  ===== round 7 start (Tiny=False Emulate=False) =====
2026-09-27T13:25:13  train gpu4k_79M : start (79200000 iterations, seed 0 --gpu 0 --batch 4096)
2026-09-27T13:30:11  train gpu4k_79M : done in 5 min
2026-09-27T13:30:11  train gpu16k_79M : start (79200000 iterations, seed 0 --gpu 0 --batch 16384)
2026-09-27T13:34:06  train gpu16k_79M : done in 3.9 min
2026-09-27T13:34:06  train gpu16k_79M_s1 : start (79200000 iterations, seed 1 --gpu 0 --batch 16384)
2026-09-27T13:38:00  train gpu16k_79M_s1 : done in 3.9 min
2026-09-27T13:38:00  train gpu4k_767M : start (767295488 iterations, seed 0 --gpu 0 --batch 4096)
2026-09-27T14:09:23  train gpu4k_767M : done in 31.4 min
2026-09-27T14:09:23  train cpu_767M : start (767295488 iterations, seed 0 )
2026-09-27T17:32:01  train cpu_767M : done in 202.6 min
2026-09-27T17:32:01  duel gpu4k_79M_vs_cpu0 : start (gpu4k_79M vs cpu0, 1000000 deals)
2026-09-27T17:32:01  duel gpu16k_79M_vs_cpu0 : start (gpu16k_79M vs cpu0, 1000000 deals)
2026-09-27T18:00:39  duel gpu4k_79M_vs_cpu0 : finished
2026-09-27T18:00:39  duel gpu16k_79M_vs_cpu0 : finished
2026-09-27T18:00:39  duel gpu16k_79M_s1_vs_cpu1 : start (gpu16k_79M_s1 vs cpu1, 1000000 deals)
2026-09-27T18:00:39  duel gpu16k_767M_vs_cpu_767M : start (gpu16k_767M vs cpu_767M, 1000000 deals)
2026-09-27T18:29:23  duel gpu16k_79M_s1_vs_cpu1 : finished
2026-09-27T18:29:23  duel gpu16k_767M_vs_cpu_767M : finished
2026-09-27T18:29:23  duel gpu4k_767M_vs_cpu_767M : start (gpu4k_767M vs cpu_767M, 1000000 deals)
2026-09-27T18:29:23  duel cpu_767M_vs_cpu0 : start (cpu_767M vs cpu0, 1000000 deals)
2026-09-27T18:58:16  duel gpu4k_767M_vs_cpu_767M : finished
2026-09-27T18:58:16  duel cpu_767M_vs_cpu0 : finished
2026-09-27T18:58:16  ===== round 7 done, summary in r7_summary.txt =====
